---
source: tui/src/keymap_setup.rs
expression: "render_picker(params, 120)"
---

  Keymap
  All configurable shortcuts.
  85 actions, 1 customized, 1 unbound.

  [All]  Common  Customized (1)  Unbound (1)  App  Composer  Editor  Vim  Navigation  Approval

  Type to search shortcuts
› Global         Open Transcript            ctrl-t
  Global         Open External Editor       ctrl-g
  Global         Copy                       ctrl-o
  Global         Clear Terminal             ctrl-l
  Global       - Toggle Vim Mode            unbound
  Chat           Decrease Reasoning Effort  alt-,
  Chat           Increase Reasoning Effort  alt-.
  Chat           Edit Queued Message        alt-up, shift-left

  left/right group · enter edit shortcut · * custom · - unbound · esc close
